// Jest Snapshot v1, https://goo.gl/fbAQLP

exports[`renders correctly BorderedButton 1`] = `
<View
  style={
    {
      "backgroundColor": "#ddd",
      "borderRadius": 10,
      "marginBottom": "auto",
      "padding": 10,
    }
  }
>
  <View
    accessibilityState={
      {
        "busy": undefined,
        "checked": undefined,
        "disabled": undefined,
        "expanded": undefined,
        "selected": undefined,
      }
    }
    accessibilityValue={
      {
        "max": undefined,
        "min": undefined,
        "now": undefined,
        "text": undefined,
      }
    }
    accessible={true}
    collapsable={false}
    focusable={true}
    onBlur={[Function]}
    onClick={[Function]}
    onFocus={[Function]}
    onResponderGrant={[Function]}
    onResponderMove={[Function]}
    onResponderRelease={[Function]}
    onResponderTerminate={[Function]}
    onResponderTerminationRequest={[Function]}
    onStartShouldSetResponder={[Function]}
    style={
      {
        "alignItems": "center",
        "backgroundColor": "inherit",
        "borderColor": "#245bdc",
        "borderStyle": "dashed",
        "borderWidth": 4,
        "elevation": 0,
        "justifyContent": "center",
        "paddingHorizontal": 22,
        "paddingVertical": 6,
      }
    }
  >
    <Text
      style={
        {
          "color": "white",
          "fontSize": 16,
          "fontWeight": "bold",
          "letterSpacing": 0.25,
          "lineHeight": 21,
        }
      }
    >
      test
    </Text>
  </View>
</View>
`;
